
  x Disallowed ReactDOM API `findDOMNode` in the Server Components compilation.
   ,-[input.js:2:5]
 2 | findDOMNode,
   : ^^^^^^^^^^^
   `----

  x Disallowed ReactDOM API `flushSync` in the Server Components compilation.
   ,-[input.js:3:3]
 3 | flushSync,
   : ^^^^^^^^^
   `----

  x Disallowed ReactDOM API `unstable_batchedUpdates` in the Server Components compilation.
   ,-[input.js:4:3]
 4 | unstable_batchedUpdates,
   : ^^^^^^^^^^^^^^^^^^^^^^^
   `----
