error: You can not use getStaticProps or getStaticPaths with getServerSideProps. To use SSG, please remove getServerSideProps
 --> input.js:2:14
  |
2 | export const getServerSideProps = function getServerSideProps() {}
  |              ^^^^^^^^^^^^^^^^^^

