
  x Font loaders don't accept spreads
   ,-[input.js:4:1]
 4 | const inter = Inter(...{}, ...[])
   :                     ^^^
   `----

  x Font loaders don't accept spreads
   ,-[input.js:4:1]
 4 | const inter = Inter(...{}, ...[])
   :                            ^^^
   `----
