
  x Font loader calls must be assigned to an identifier
   ,-[input.js:3:1]
 3 | const { a } = Inter({
   :       ^^^^^
   `----

  x Font loader calls must be assigned to an identifier
   ,-[input.js:7:1]
 7 | const [b] = Inter({
   :       ^^^
   `----
