error: next/dynamic only accepts 2 arguments
 --> input.js:3:43
  |
3 | const DynamicComponentWithCustomLoading = dynamic(
  |                                           ^^^^^^^

