
  x Font loader calls must be assigned to a const
   ,-[input.js:4:1]
 4 | export let firaCode = Abel()
   :        ^^^^^^^^^^^^^^^^^^^^^
   `----

  x Font loader calls must be assigned to a const
   ,-[input.js:5:1]
 5 | export var inter = Inter()
   :        ^^^^^^^^^^^^^^^^^^^
   `----
