
  x Font loader calls must be assigned to a const
   ,-[input.js:4:1]
 4 | ,-> var inter1 = Inter({
 5 | |     variant: '400',
 6 | `-> })
   `----

  x Font loader calls must be assigned to a const
    ,-[input.js:9:1]
  9 | ,-> let inter2 = Inter({
 10 | |     variant: '400',
 11 | `-> })
    `----
