
  x NEXT_RSC_ERR_REACT_API: useState
   ,-[input.js:1:1]
 1 | import { useState } from 'react'
   :          ^^^^^^^^
   `----

  x NEXT_RSC_ERR_REACT_API: createContext
   ,-[input.js:3:1]
 3 | import { createContext } from 'react'
   :          ^^^^^^^^^^^^^
   `----

  x NEXT_RSC_ERR_REACT_API: useEffect
   ,-[input.js:5:1]
 5 | import { useEffect, useImperativeHandle } from 'react'
   :          ^^^^^^^^^
   `----

  x NEXT_RSC_ERR_REACT_API: useImperativeHandle
   ,-[input.js:5:1]
 5 | import { useEffect, useImperativeHandle } from 'react'
   :                     ^^^^^^^^^^^^^^^^^^^
   `----

  x NEXT_RSC_ERR_REACT_API: Component
   ,-[input.js:8:5]
 8 | Component,
   : ^^^^^^^^^
   `----

  x NEXT_RSC_ERR_REACT_API: createFactory
   ,-[input.js:9:5]
 9 | createFactory,
   : ^^^^^^^^^^^^^
   `----

  x NEXT_RSC_ERR_REACT_API: PureComponent
    ,-[input.js:10:5]
 10 | PureComponent,
    : ^^^^^^^^^^^^^
    `----

  x NEXT_RSC_ERR_REACT_API: useDeferredValue
    ,-[input.js:11:3]
 11 | useDeferredValue,
    : ^^^^^^^^^^^^^^^^
    `----

  x NEXT_RSC_ERR_REACT_API: useInsertionEffect
    ,-[input.js:12:5]
 12 | useInsertionEffect,
    : ^^^^^^^^^^^^^^^^^^
    `----

  x NEXT_RSC_ERR_REACT_API: useLayoutEffect
    ,-[input.js:13:5]
 13 | useLayoutEffect,
    : ^^^^^^^^^^^^^^^
    `----

  x NEXT_RSC_ERR_REACT_API: useReducer
    ,-[input.js:14:5]
 14 | useReducer,
    : ^^^^^^^^^^
    `----

  x NEXT_RSC_ERR_REACT_API: useRef
    ,-[input.js:15:5]
 15 | useRef,
    : ^^^^^^
    `----

  x NEXT_RSC_ERR_REACT_API: useSyncExternalStore
    ,-[input.js:16:5]
 16 | useSyncExternalStore
    : ^^^^^^^^^^^^^^^^^^^^
    `----
